// Jest Snapshot v1, https://goo.gl/fbAQLP

exports[`ScreenInput should match snapshot 1`] = `
<Box
  backgroundColor="#f5f7f9"
  border="none"
  borderRadius="4px"
  padding="40px 24px 24px 24px"
>
  <form
    className="jsx-3137804215"
    onSubmit={[Function]}
  >
    <div
      className="jsx-3137804215 close-icon"
      onClick={[Function]}
      onKeyUp={null}
      role="button"
      tabIndex="-1"
    >
      <Close
        customColor="#bac7d5"
        size="small"
      />
    </div>
    <div
      className="jsx-3137804215 title"
    >
      Your feedback helps us improve.
    </div>
    <div
      className="jsx-3137804215 question"
    >
      What problem were you trying to solve?
    </div>
    <div
      className="jsx-3137804215 inputArea"
    >
      <textarea
        className="jsx-3137804215"
      />
    </div>
    <div
      className="jsx-3137804215 button"
    >
      <ContactPageLink />
      <button
        className="jsx-3137804215"
        type="submit"
      >
        <span
          className="jsx-3137804215"
        >
          Submit
        </span>
      </button>
    </div>
  </form>
  <JSXStyle
    css="div.title.jsx-3137804215{color:#171b1e;font-size:16px;margin-bottom:8px;font-weight:bold;}div.question.jsx-3137804215{font-size:14px;color:#46515e;margin-bottom:4px;}div.inputArea.jsx-3137804215 textarea.jsx-3137804215{width:352px;height:72px;border-radius:3px;background-color:#ffffff;border:solid 1px #bac7d5;}div.button.jsx-3137804215 button.jsx-3137804215{font-weight:bold;font-size:14px;width:100px;height:44px;border-radius:3px;border:none;background-color:#00a991;color:#ffffff;cursor:pointer;}div.button.jsx-3137804215{display:-webkit-box;display:-webkit-flex;display:-ms-flexbox;display:flex;-webkit-box-pack:justify;-webkit-justify-content:space-between;-ms-flex-pack:justify;justify-content:space-between;margin-top:19px;}div.close-icon.jsx-3137804215{position:absolute;top:8px;right:8px;cursor:pointer;}div.inputArea.jsx-3137804215 textarea.jsx-3137804215{padding:12px 16px;font-size:14px;}@media only screen and (min-width:320px) and (max-width:480px){div.inputArea.jsx-3137804215 textarea.jsx-3137804215{width:100%;}}"
    styleId="3137804215"
  />
</Box>
`;
