// Jest Snapshot v1, https://goo.gl/fbAQLP

exports[`BookingPassed should match snapshot 1`] = `
<div
  className="jsx-1169529336 UpcomingBooking"
>
  <div
    className="jsx-1169529336 feedback"
  >
    <Typography
      size="large"
      type="secondary"
    >
      You donâ€™t have upcoming bookings.
    </Typography>
  </div>
  <JSXStyle
    css=".UpcomingBooking.jsx-1169529336{width:480px;padding:40px;padding-top:128px;background-color:#f5f7f9;height:100%;}div.feedback.jsx-1169529336{margin-top:32px;text-align:center;}"
    styleId="1169529336"
  />
</div>
`;
